grid start 2026-09-16T21:33:50+00:00 jobs=8 rules=[qt qtf cr fifo] scales=[5 1 3 8] seeds=[0 2] loads=[1.00] win=60
DONE qt_x1_L100_s0_w60 rc=0 2026-09-16T21:46:30+00:00
DONE fifo_x1_L100_s0_w60 rc=0 2026-09-16T21:47:01+00:00
DONE cr_x1_L100_s0_w60 rc=0 2026-09-16T21:47:10+00:00
DONE qtfK6_x1_L100_s0_w60 rc=0 2026-09-16T21:48:49+00:00
DONE cr_x5_L100_s0_w60 rc=0 2026-09-16T22:00:24+00:00
DONE fifo_x5_L100_s0_w60 rc=0 2026-09-16T22:00:54+00:00
DONE qt_x5_L100_s0_w60 rc=0 2026-09-16T22:04:23+00:00
DONE qtfK6_x5_L100_s0_w60 rc=0 2026-09-16T22:05:00+00:00
DONE cr_x3_L100_s0_w60 rc=0 2026-09-16T22:11:00+00:00
DONE qt_x3_L100_s0_w60 rc=0 2026-09-16T22:11:54+00:00
DONE fifo_x3_L100_s0_w60 rc=0 2026-09-16T22:13:03+00:00
DONE qtfK6_x3_L100_s0_w60 rc=0 2026-09-16T22:13:56+00:00
DONE qtfK6_x8_L100_s0_w60 rc=0 2026-09-16T22:30:50+00:00
DONE qt_x8_L100_s0_w60 rc=0 2026-09-16T22:31:44+00:00
DONE cr_x8_L100_s0_w60 rc=0 2026-09-16T22:32:24+00:00
DONE fifo_x8_L100_s0_w60 rc=0 2026-09-16T22:32:37+00:00
DONE cr_x5_L100_s2_w60 rc=0 2026-09-16T22:36:30+00:00
DONE fifo_x5_L100_s2_w60 rc=0 2026-09-16T22:39:44+00:00
DONE qt_x5_L100_s2_w60 rc=0 2026-09-16T22:39:50+00:00
DONE qtfK6_x5_L100_s2_w60 rc=0 2026-09-16T22:42:10+00:00
DONE qt_x1_L100_s2_w60 rc=0 2026-09-16T22:43:42+00:00
DONE cr_x1_L100_s2_w60 rc=0 2026-09-16T22:44:20+00:00
DONE qtfK6_x1_L100_s2_w60 rc=0 2026-09-16T22:44:23+00:00
DONE fifo_x1_L100_s2_w60 rc=0 2026-09-16T22:44:59+00:00
DONE qt_x3_L100_s2_w60 rc=0 2026-09-16T22:59:02+00:00
DONE cr_x3_L100_s2_w60 rc=0 2026-09-16T23:01:07+00:00
DONE qtfK6_x3_L100_s2_w60 rc=0 2026-09-16T23:01:20+00:00
DONE fifo_x3_L100_s2_w60 rc=0 2026-09-16T23:03:11+00:00
DONE cr_x8_L100_s2_w60 rc=0 2026-09-16T23:08:26+00:00
DONE fifo_x8_L100_s2_w60 rc=0 2026-09-16T23:08:30+00:00
DONE qt_x8_L100_s2_w60 rc=0 2026-09-16T23:08:54+00:00
DONE qtfK6_x8_L100_s2_w60 rc=0 2026-09-16T23:09:49+00:00
grid end 2026-09-16T23:09:49+00:00
