warm-ups ended 2026-09-16T21:48:17+00:00; starting A2
grid start 2026-09-16T21:48:17+00:00 jobs=4 rules=[qt qtf cr fifo] scales=[5 1 3 8] seeds=[1 3 4] loads=[1.00] win=60
DONE cr_x5_L100_s1_w60 rc=0 2026-09-16T22:17:49+00:00
DONE fifo_x5_L100_s1_w60 rc=0 2026-09-16T22:18:14+00:00
DONE qt_x5_L100_s1_w60 rc=0 2026-09-16T22:19:31+00:00
DONE qtfK6_x5_L100_s1_w60 rc=0 2026-09-16T22:20:01+00:00
DONE qt_x1_L100_s1_w60 rc=0 2026-09-16T22:31:23+00:00
DONE cr_x1_L100_s1_w60 rc=0 2026-09-16T22:31:26+00:00
DONE fifo_x1_L100_s1_w60 rc=0 2026-09-16T22:31:43+00:00
DONE qtfK6_x1_L100_s1_w60 rc=0 2026-09-16T22:32:56+00:00
DONE cr_x3_L100_s1_w60 rc=0 2026-09-16T22:53:21+00:00
DONE qt_x3_L100_s1_w60 rc=0 2026-09-16T22:53:34+00:00
DONE fifo_x3_L100_s1_w60 rc=0 2026-09-16T22:54:14+00:00
DONE qtfK6_x3_L100_s1_w60 rc=0 2026-09-16T22:54:46+00:00
DONE cr_x8_L100_s1_w60 rc=0 2026-09-16T23:14:28+00:00
DONE fifo_x8_L100_s1_w60 rc=0 2026-09-16T23:15:20+00:00
DONE qtfK6_x8_L100_s1_w60 rc=0 2026-09-16T23:16:51+00:00
DONE qt_x8_L100_s1_w60 rc=0 2026-09-16T23:17:07+00:00
DONE fifo_x5_L100_s3_w60 rc=0 2026-09-16T23:44:09+00:00
DONE cr_x5_L100_s3_w60 rc=0 2026-09-16T23:44:38+00:00
DONE qt_x5_L100_s3_w60 rc=0 2026-09-16T23:45:39+00:00
DONE qtfK6_x5_L100_s3_w60 rc=0 2026-09-16T23:46:06+00:00
DONE qt_x1_L100_s3_w60 rc=0 2026-09-16T23:57:02+00:00
DONE qtfK6_x1_L100_s3_w60 rc=0 2026-09-16T23:58:57+00:00
DONE cr_x1_L100_s3_w60 rc=0 2026-09-16T23:59:09+00:00
DONE fifo_x1_L100_s3_w60 rc=0 2026-09-16T23:59:18+00:00
DONE qt_x3_L100_s3_w60 rc=0 2026-09-17T00:20:11+00:00
DONE cr_x3_L100_s3_w60 rc=0 2026-09-17T00:20:48+00:00
DONE fifo_x3_L100_s3_w60 rc=0 2026-09-17T00:21:25+00:00
DONE qtfK6_x3_L100_s3_w60 rc=0 2026-09-17T00:23:09+00:00
DONE cr_x8_L100_s3_w60 rc=0 2026-09-17T00:44:30+00:00
SKIP qt_x5_L100_s4_w60
SKIP qtfK6_x5_L100_s4_w60
SKIP cr_x5_L100_s4_w60
SKIP fifo_x5_L100_s4_w60
SKIP qt_x1_L100_s4_w60
SKIP qtfK6_x1_L100_s4_w60
SKIP cr_x1_L100_s4_w60
SKIP fifo_x1_L100_s4_w60
SKIP qt_x3_L100_s4_w60
SKIP qtfK6_x3_L100_s4_w60
SKIP cr_x3_L100_s4_w60
SKIP fifo_x3_L100_s4_w60
SKIP qt_x8_L100_s4_w60
SKIP qtfK6_x8_L100_s4_w60
SKIP cr_x8_L100_s4_w60
SKIP fifo_x8_L100_s4_w60
DONE qt_x8_L100_s3_w60 rc=0 2026-09-17T00:44:52+00:00
DONE qtfK6_x8_L100_s3_w60 rc=0 2026-09-17T00:47:01+00:00
DONE fifo_x8_L100_s3_w60 rc=0 2026-09-17T00:47:28+00:00
grid end 2026-09-17T00:47:28+00:00
