2026-09-16T23:57:07Z lane=A armed, waiting for driver_42.log
2026-09-16T23:57:08Z lane=B armed, waiting for A2b_driver.log
2026-09-16T23:57:10Z lane=C armed, waiting for A2_driver.log
2026-09-17T00:42:09Z lane=B RELEASE-READY A2b_driver.log ended; lane takes its 4 slots
2026-09-17T00:42:09Z lane=B START b1 rules=[qtfw] scales=[5 3] seeds=[0 2 1 3 4] win=60 slack=8 -> lane_B_b1.log
2026-09-17T00:48:08Z lane=A RELEASE-READY driver_42.log ended; lane takes its 4 slots
2026-09-17T00:48:08Z lane=A START b1 rules=[qtfw] scales=[8 1] seeds=[0 2 1 3 4] win=60 slack=8 -> lane_A_b1.log
2026-09-17T00:48:10Z lane=C RELEASE-READY A2_driver.log ended; lane takes its 4 slots
2026-09-17T00:48:10Z lane=C START b1 rules=[qt qtf] scales=[8 5] seeds=[0 2] win=90 slack=8 -> lane_C_b1.log
2026-09-17T01:59:30Z lane=A END b1 10 cells
2026-09-17T01:59:30Z lane=A START b2 rules=[qt qtf] scales=[4 2] seeds=[0 2 1 3 4] win=60 slack=8 -> lane_A_b2.log
2026-09-17T02:04:19Z lane=B END b1 10 cells
2026-09-17T02:04:19Z lane=B START b2 rules=[qtfw fifo] scales=[4 2] seeds=[0 2 1 3 4] win=60 slack=8 -> lane_B_b2.log
2026-09-17T02:24:17Z lane=C END b1 8 cells
2026-09-17T02:24:17Z lane=C START b2 rules=[qtfw] scales=[8 5 3] seeds=[0 2] win=90 slack=8 -> lane_C_b2.log
2026-09-17T03:16:43Z lane=D armed, waiting for lane_C_b2.log
2026-09-17T03:16:45Z lane=E armed, waiting for lane_C_b2.log
2026-09-17T03:19:43Z lane=D CANCELLED by coordinator (lead 03:50Z: crit v3 x4 replaced by v4)
2026-09-17T03:20:28Z lane=W1 armed, waiting for lane_C_b2.log
2026-09-17T03:20:29Z lane=W2 armed, waiting for lane_A_b2.log
2026-09-17T03:59:25Z lane=C END b2 6 cells
2026-09-17T03:59:25Z lane=C lane done; RELEASE 4 slots
2026-09-17T03:59:28Z lane=W1 RELEASE-READY lane_C_b2.log ended; lane takes its 2 slots
2026-09-17T03:59:28Z lane=W1 START b1 warm-ups rule=qtfw scales=[3] seeds=[0 2] -> lane_W1_b1.log
2026-09-17T03:59:45Z lane=E RELEASE-READY lane_C_b2.log ended; lane takes its 2 slots
2026-09-17T03:59:45Z lane=E START b1 rules=[qtfw] scales=[4 2] seeds=[0 2] win=90 slack=8 -> lane_E_b1.log
2026-09-17T04:10:28Z lane=A END b2 20 cells
2026-09-17T04:10:28Z lane=A lane done; RELEASE 4 slots
2026-09-17T04:10:30Z lane=W2 RELEASE-READY lane_A_b2.log ended; lane takes its 4 slots
2026-09-17T04:10:30Z lane=W2 START b1 warm-ups rule=qtfw scales=[3 4 2] seeds=[1 3 4] -> lane_W2_b1.log
2026-09-17T04:20:03Z lane=B END b2 20 cells
2026-09-17T04:20:03Z lane=B lane done; RELEASE 4 slots
2026-09-17T04:41:24Z lane=W1 END b1 2 warm-ups
2026-09-17T04:41:24Z lane=W1 START b2 warm-ups rule=qtfw scales=[4 2] seeds=[0 2] -> lane_W1_b2.log
2026-09-17T04:41:32Z READY QTFW-WARM x3 s0,s2 READY: bench/snapshots/SMT2020_LVHM_seed{0,2}_qtfw_Demand_day90_cqt3r0c_qp050bf6w8_h270.ckpt (lane W1).
2026-09-17T05:21:43Z lane=E END b1 4 cells
2026-09-17T05:21:43Z lane=E lane done; RELEASE 2 slots
2026-09-17T05:44:44Z lane=W1 END b2 4 warm-ups
2026-09-17T05:44:44Z lane=W1 START b3 rules=[qtfw] scales=[3 4 2] seeds=[0 2] win=60 slack=8 -> lane_W1_b3.log
2026-09-17T05:47:10Z lane=W2 END b1 9 warm-ups
2026-09-17T05:47:10Z lane=W2 START b2 rules=[qtfw] scales=[3 4 2] seeds=[1 3 4] win=60 slack=8 -> lane_W2_b2.log
2026-09-17T06:44:44Z lane=W2 END b2 9 cells
2026-09-17T06:44:44Z lane=W2 lane done; RELEASE 4 slots
2026-09-17T06:46:11Z lane=W1 END b3 6 cells
2026-09-17T06:46:11Z lane=W1 lane done; RELEASE 2 slots
2026-09-17T06:46:46Z ANALYSED lanes [A B C E W1 W2] -> GRID_TABLE_auto.txt
2026-09-17T07:46:42Z lane=V armed, waiting for lane_W1_b3.log
2026-09-17T07:46:42Z lane=V RELEASE-READY lane_W1_b3.log ended; lane takes its 15 slots
2026-09-17T07:46:42Z lane=V START b1 rules=[crit] scales=[3 2 4] seeds=[0 2 1 3 4] win=60 slack=8 -> lane_V_b1.log
2026-09-17T07:46:44Z lane=Q armed, waiting for lane_W1_b3.log
2026-09-17T07:46:44Z lane=Q RELEASE-READY lane_W1_b3.log ended; lane takes its 1 slots
2026-09-17T07:46:44Z lane=Q START b1 rules=[qtfw] scales=[3] seeds=[0 2] win=90 slack=8 -> lane_Q_b1.log
2026-09-17T09:33:42Z lane=Q END b1 2 cells
2026-09-17T09:33:42Z lane=Q START b2 rules=[crit] scales=[3] seeds=[0] win=90 slack=8 -> lane_Q_b2.log
